// Vitest Snapshot v1, https://vitest.dev/guide/snapshot.html

exports[`FortuneWheel > handles empty data gracefully 1`] = `
<div
  class="wheel"
  id="wheel"
  style="width: 580px; height: 720px; font-size: 16px; margin: 0px auto;"
/>
`;

exports[`FortuneWheel > renders correctly with default props 1`] = `
<div
  class="wheel"
  id="wheel"
  style="width: 580px; height: 720px; font-size: 16px; margin: 0px auto;"
/>
`;

exports[`FortuneWheel > renders correctly with middleCircle prop set to false 1`] = `
<div
  class="wheel"
  id="wheel"
  style="width: 580px; height: 720px; font-size: 16px; margin: 0px auto;"
/>
`;

exports[`FortuneWheel > updates correctly when data changes 1`] = `
<div
  class="wheel"
  id="wheel"
  style="width: 580px; height: 720px; font-size: 16px; margin: 0px auto;"
/>
`;
